// Jest Snapshot v1, https://goo.gl/fbAQLP

exports[`App should run tests 1`] = `
<div>
  <h1>
    Hello reloaded
  </h1>
</div>
`;
